--------------------------------------------------------------------------------
Marvellous Infosystems Process Log
Log Generated at : Fri Jul 31 19:53:06 2026
--------------------------------------------------------------------------------
PID       Process Name                       Username
--------------------------------------------------------------------------------
0         System Idle Process                NT AUTHORITY\SYSTEM
4         System                             NT AUTHORITY\SYSTEM
8         svchost.exe                        None
224       Registry                           None
864       smss.exe                           None
892       svchost.exe                        None
1144      csrss.exe                          None
1224      svchost.exe                        None
1228      wininit.exe                        None
1240      csrss.exe                          None
1316      cer_service.exe                    None
1348      winlogon.exe                       None
1400      services.exe                       None
1412      lsass.exe                          None
1548      svchost.exe                        None
1576      fontdrvhost.exe                    None
1584      fontdrvhost.exe                    None
1640      WUDFHost.exe                       None
1708      svchost.exe                        None
1760      svchost.exe                        None
1828      WUDFHost.exe                       None
1852      BraveCrashHandler64.exe            MAYURESH\mayur
1888      AsusOptimization.exe               None
1908      dwm.exe                            None
1972      svchost.exe                        None
2044      svchost.exe                        None
2136      svchost.exe                        None
2144      svchost.exe                        None
2152      svchost.exe                        None
2208      svchost.exe                        None
2296      svchost.exe                        None
2340      svchost.exe                        None
2400      svchost.exe                        None
2408      IntelCpHDCPSvc.exe                 None
2428      svchost.exe                        None
2448      svchost.exe                        None
2520      svchost.exe                        None
2560      chrome.exe                         MAYURESH\mayur
2612      FCDBLog.exe                        None
2660      svchost.exe                        None
2736      dllhost.exe                        MAYURESH\mayur
2760      svchost.exe                        None
2812      svchost.exe                        None
2876      conhost.exe                        MAYURESH\mayur
3060      svchost.exe                        None
3112      chrome.exe                         MAYURESH\mayur
3216      svchost.exe                        None
3328      svchost.exe                        None
3368      svchost.exe                        None
3392      svchost.exe                        None
3400      svchost.exe                        None
3408      svchost.exe                        None
3416      svchost.exe                        None
3544      svchost.exe                        None
3592      MemCompression                     None
3640      svchost.exe                        None
3692      svchost.exe                        None
3700      svchost.exe                        None
3852      AggregatorHost.exe                 None
3872      svchost.exe                        None
3932      svchost.exe                        None
4000      svchost.exe                        None
4024      chrome.exe                         MAYURESH\mayur
4052      svchost.exe                        None
4108      OfficeClickToRun.exe               None
4156      scheduler.exe                      None
4188      GlideXRemoteService.exe            None
4232      ipfsvc.exe                         None
4264      svchost.exe                        MAYURESH\mayur
4276      AdskAccessServiceHost.exe          None
4296      chrome.exe                         MAYURESH\mayur
4328      GlideXService.exe                  None
4344      GlideXNearService.exe              None
4360      FNPLicensingService64.exe          None
4396      spoolsv.exe                        None
4484      svchost.exe                        None
4664      svchost.exe                        None
4696      svchost.exe                        None
4704      GlideXServiceExt.exe               None
4736      AsusOSD.exe                        MAYURESH\mayur
4816      OneApp.IGCC.WinService.exe         None
4872      IntelAudioService.exe              None
4912      RtkAudUService64.exe               None
4936      audiodg.exe                        None
4996      AsusPTPService.exe                 None
5004      AsusSoftwareManager.exe            None
5012      svchost.exe                        None
5020      AsusAppService.exe                 None
5032      AsusSwitch.exe                     None
5056      svchost.exe                        None
5064      AdskLicensingService.exe           None
5072      ELANFPService.exe                  None
5080      DtsApo4Service.exe                 None
5088      AsusSystemDiagnosis.exe            None
5096      svchost.exe                        None
5112      AsusSystemAnalysis.exe             None
5128      svchost.exe                        None
5184      svchost.exe                        None
5196      ipf_uf.exe                         None
5208      svchost.exe                        None
5216      Code.exe                           MAYURESH\mayur
5260      jhi_service.exe                    None
5328      servicehost.exe                    None
5336      svchost.exe                        None
5408      MpDefenderCoreService.exe          None
5460      AsusSoftwareManagerAgent.exe       MAYURESH\mayur
5532      RstMwService.exe                   None
5572      RtkAudUService64.exe               None
5592      svchost.exe                        None
5604      svchost.exe                        None
5668      svchost.exe                        None
5752      sqlwriter.exe                      None
5792      svchost.exe                        None
5824      RuntimeBroker.exe                  MAYURESH\mayur
5860      svchost.exe                        None
5924      MsMpEng.exe                        None
5972      svchost.exe                        None
6076      WMIRegistrationService.exe         None
6208      chrome.exe                         MAYURESH\mayur
7124      svchost.exe                        None
7500      svchost.exe                        None
7724      dllhost.exe                        MAYURESH\mayur
7928      Code.exe                           MAYURESH\mayur
8092      WmiPrvSE.exe                       None
8396      svchost.exe                        None
8484      RtkAudUService64.exe               MAYURESH\mayur
8504      svchost.exe                        None
8608      AsusOptimizationStartupTask.exe    MAYURESH\mayur
8612      chrome.exe                         MAYURESH\mayur
8616      svchost.exe                        None
8628      ADPClientService.exe               None
8636      conhost.exe                        None
8708      FortiSettings.exe                  None
8772      FortiESNAC.exe                     None
8864      WUDFHost.exe                       None
9020      svchost.exe                        MAYURESH\mayur
9028      wlanext.exe                        None
9072      svchost.exe                        None
9212      CiscoCollabHost.exe                MAYURESH\mayur
9240      FortiVPN.exe                       None
9388      OpenConsole.exe                    MAYURESH\mayur
9412      uihost.exe                         MAYURESH\mayur
9480      McUpdaterModule.exe                MAYURESH\mayur
9592      svchost.exe                        MAYURESH\mayur
9656      unsecapp.exe                       None
9776      sihost.exe                         MAYURESH\mayur
9856      ipf_helper.exe                     MAYURESH\mayur
9924      svchost.exe                        None
9972      svchost.exe                        None
9988      WUDFHost.exe                       None
10008     RuntimeBroker.exe                  MAYURESH\mayur
10128     dllhost.exe                        MAYURESH\mayur
10132     Notepad.exe                        MAYURESH\mayur
10148     RuntimeBroker.exe                  MAYURESH\mayur
10232     chrome.exe                         MAYURESH\mayur
10324     svchost.exe                        None
10432     svchost.exe                        None
10484     svchost.exe                        MAYURESH\mayur
10516     svchost.exe                        None
10520     svchost.exe                        None
10536     chrome.exe                         MAYURESH\mayur
10708     ADPClientService.exe               MAYURESH\mayur
10720     SearchIndexer.exe                  None
10824     svchost.exe                        MAYURESH\mayur
10980     svchost.exe                        None
11016     svchost.exe                        None
11024     svchost.exe                        None
11100     PhoneExperienceHost.exe            MAYURESH\mayur
11260     pet.exe                            MAYURESH\mayur
11272     SSScheduler.exe                    MAYURESH\mayur
11332     cmd.exe                            MAYURESH\mayur
11372     taskhostw.exe                      MAYURESH\mayur
11428     FortiTray.exe                      MAYURESH\mayur
11548     CrossDeviceResume.exe              MAYURESH\mayur
11740     backgroundTaskHost.exe             MAYURESH\mayur
11844     svchost.exe                        None
11868     ctfmon.exe                         MAYURESH\mayur
11952     explorer.exe                       MAYURESH\mayur
12036     ShellHost.exe                      MAYURESH\mayur
12056     Code.exe                           MAYURESH\mayur
12096     svchost.exe                        None
12480     svchost.exe                        None
12648     RuntimeBroker.exe                  MAYURESH\mayur
12704     CrossDeviceService.exe             MAYURESH\mayur
12972     Widgets.exe                        MAYURESH\mayur
13052     SearchHost.exe                     MAYURESH\mayur
13112     StartMenuExperienceHost.exe        MAYURESH\mayur
13288     svchost.exe                        MAYURESH\mayur
13348     chrome.exe                         MAYURESH\mayur
13788     powershell.exe                     MAYURESH\mayur
13860     ms-teams.exe                       MAYURESH\mayur
13908     Code.exe                           MAYURESH\mayur
14132     OneDrive.exe                       MAYURESH\mayur
14224     AppActions.exe                     MAYURESH\mayur
14364     svchost.exe                        None
14496     msedgewebview2.exe                 MAYURESH\mayur
14608     msedgewebview2.exe                 MAYURESH\mayur
14688     RuntimeBroker.exe                  MAYURESH\mayur
14936     msedgewebview2.exe                 MAYURESH\mayur
14944     msedgewebview2.exe                 MAYURESH\mayur
15012     RevitAccelerator.exe               MAYURESH\mayur
15152     msedgewebview2.exe                 MAYURESH\mayur
15328     msedgewebview2.exe                 MAYURESH\mayur
15352     mscopilot_proxy.exe                MAYURESH\mayur
15560     AdskAccessCore.exe                 MAYURESH\mayur
15628     NisSrv.exe                         None
15648     svchost.exe                        None
15688     SecurityHealthSystray.exe          MAYURESH\mayur
15736     SecurityHealthService.exe          None
15812     AdskIdentityManager.exe            MAYURESH\mayur
15940     AdskAccessService.exe              MAYURESH\mayur
16004     Code.exe                           MAYURESH\mayur
16136     TextInputHost.exe                  MAYURESH\mayur
16224     ShellExperienceHost.exe            MAYURESH\mayur
16800     AdskAccessUIHost.exe               MAYURESH\mayur
16836     AdskAccessUIHost.exe               MAYURESH\mayur
17000     AdskAccessUIHost.exe               MAYURESH\mayur
17028     AdskAccessUIHost.exe               MAYURESH\mayur
17360     Code.exe                           MAYURESH\mayur
17440     Code.exe                           MAYURESH\mayur
17508     OpenConsole.exe                    MAYURESH\mayur
17524     Code.exe                           MAYURESH\mayur
17560     powershell.exe                     MAYURESH\mayur
17772     Code.exe                           MAYURESH\mayur
17812     chrome.exe                         MAYURESH\mayur
17984     Code.exe                           MAYURESH\mayur
18280     dllhost.exe                        MAYURESH\mayur
18320     conhost.exe                        MAYURESH\mayur
18376     FortiSSLVPNdaemon.exe              None
18448     msedgewebview2.exe                 MAYURESH\mayur
18488     msedgewebview2.exe                 MAYURESH\mayur
18696     msedgewebview2.exe                 MAYURESH\mayur
18704     msedgewebview2.exe                 MAYURESH\mayur
18748     msedgewebview2.exe                 MAYURESH\mayur
18812     python.exe                         MAYURESH\mayur
18876     msedgewebview2.exe                 MAYURESH\mayur
18932     chrome.exe                         MAYURESH\mayur
19108     ms-teams.exe                       MAYURESH\mayur
19148     browserhost.exe                    MAYURESH\mayur
19260     svchost.exe                        None
19432     msedgewebview2.exe                 MAYURESH\mayur
19484     WmiPrvSE.exe                       None
19528     chrome.exe                         MAYURESH\mayur
19660     CCXProcess.exe                     MAYURESH\mayur
19672     node.exe                           MAYURESH\mayur
19676     conhost.exe                        MAYURESH\mayur
19684     conhost.exe                        MAYURESH\mayur
19692     SDXHelper.exe                      MAYURESH\mayur
19732     Code.exe                           MAYURESH\mayur
19828     Code.exe                           MAYURESH\mayur
19832     Code.exe                           MAYURESH\mayur
19924     svchost.exe                        None
19944     AdobeIPCBroker.exe                 MAYURESH\mayur
20192     WidgetService.exe                  MAYURESH\mayur
20200     RuntimeBroker.exe                  MAYURESH\mayur
20232     BraveCrashHandler.exe              MAYURESH\mayur
20316     svchost.exe                        MAYURESH\mayur
20372     GenuineService.exe                 MAYURESH\mayur
--------------------------------------------------------------------------------